// Jest Snapshot v1, https://goo.gl/fbAQLP

exports[`<BaseButton /> should deep render without crashing 1`] = `
<View
  accessibilityComponentType={undefined}
  accessibilityLabel={undefined}
  accessibilityTraits={undefined}
  accessible={true}
  collapsable={undefined}
  hasTVPreferredFocus={undefined}
  hitSlop={undefined}
  isTVSelectable={true}
  nativeID={undefined}
  onLayout={undefined}
  onResponderGrant={[Function]}
  onResponderMove={[Function]}
  onResponderRelease={[Function]}
  onResponderTerminate={[Function]}
  onResponderTerminationRequest={[Function]}
  onStartShouldSetResponder={[Function]}
  style={
    Object {
      "alignItems": "center",
      "alignSelf": "stretch",
      "backgroundColor": "#007aff",
      "borderBottomWidth": null,
      "borderColor": "#007aff",
      "borderLeftWidth": null,
      "borderRadius": 0,
      "borderRightWidth": null,
      "borderTopWidth": null,
      "elevation": 2,
      "flexDirection": "row",
      "height": 45,
      "justifyContent": "center",
      "opacity": 1,
      "paddingBottom": 6,
      "paddingTop": 6,
    }
  }
  testID={undefined}
  tvParallaxProperties={undefined}
>
  <Text
    accessible={true}
    allowFontScaling={true}
    ellipsizeMode="tail"
    style={
      Object {
        "backgroundColor": "transparent",
        "color": "#fff",
        "fontFamily": "System",
        "fontSize": 16.5,
        "marginLeft": 0,
        "marginRight": 0,
        "paddingLeft": 16,
        "paddingRight": 16,
      }
    }
    uppercase={false}
    virtual={undefined}
  >
    Generate Password
  </Text>
</View>
`;

exports[`<BaseButton /> should shallow render without crashing 1`] = `
"<Styled(Button) full={true} onPress={[Function: mockConstructor]} virtual={[undefined]}>
  <Styled(Text) virtual={[undefined]}>
    Generate Password
  </Styled(Text)>
</Styled(Button)>"
`;
