// Jest Snapshot v1, https://goo.gl/fbAQLP

exports[`<ConfirmationDialog /> should match the snapshot 1`] = `
<ForwardRef(View)
  style={
    Object {
      "alignItems": "center",
      "flex": 1,
      "justifyContent": "center",
    }
  }
>
  <Component
    animationType="fade"
    hardwareAccelerated={false}
    onRequestClose={[MockFunction]}
    supportedOrientations={
      Array [
        "portrait",
      ]
    }
    transparent={true}
    visible={true}
  >
    <ForwardRef(View)
      style={
        Array [
          Object {
            "alignItems": "center",
            "flex": 1,
            "justifyContent": "center",
          },
          Object {
            "backgroundColor": "rgba(0, 0, 0, 0.5)",
          },
        ]
      }
    >
      <ForwardRef(View)
        style={
          Array [
            Object {
              "backgroundColor": "#FFF",
              "borderRadius": 4,
              "paddingHorizontal": "5%",
            },
            Object {
              "flex": 0.2,
              "width": "60%",
            },
          ]
        }
      >
        <ForwardRef(View)
          style={
            Object {
              "borderTopLeftRadius": 4,
              "borderTopRightRadius": 4,
              "flex": 0.5,
              "paddingTop": "5%",
            }
          }
        >
          <withTheme(IconButton)
            icon="close"
            onPress={[Function]}
            size={35}
            style={
              Object {
                "alignSelf": "flex-end",
                "position": "absolute",
                "right": "0.5%",
                "top": "1%",
              }
            }
          />
          <ForwardRef(View)
            style={
              Object {
                "marginLeft": "4%",
              }
            }
          >
            <withTheme(Text)
              style={
                Object {
                  "color": "#212A59",
                  "fontFamily": "lato-bold",
                  "fontSize": 24,
                  "fontWeight": "bold",
                  "marginBottom": "3%",
                }
              }
            >
              completedStatus
            </withTheme(Text)>
            <withTheme(Text)
              style={
                Array [
                  Object {
                    "fontSize": 16,
                  },
                ]
              }
            >
              completedClipboard
            </withTheme(Text)>
          </ForwardRef(View)>
        </ForwardRef(View)>
        <ForwardRef(View)
          style={
            Array [
              Object {
                "alignItems": "center",
                "alignSelf": "center",
                "borderColor": "#212A59",
                "borderRadius": 4,
                "borderWidth": 1,
                "flex": 0.3333333333333333,
                "flexDirection": "row",
              },
              Object {
                "width": undefined,
              },
            ]
          }
        >
          <TextInput
            allowFontScaling={true}
            editable={false}
            secureTextEntry={true}
            style={
              Object {
                "color": "#212A59",
                "flex": 1,
                "fontSize": 16,
                "paddingLeft": "3%",
              }
            }
            underlineColorAndroid="transparent"
          >
            <ForwardRef(View)
              style={
                Object {
                  "flex": 1,
                  "justifyContent": "space-around",
                  "marginLeft": "5%",
                }
              }
            >
              <withTheme(Text)
                style={
                  Array [
                    Object {
                      "color": "#FFF",
                      "fontFamily": "lato-regular",
                      "fontSize": 16,
                    },
                    Object {
                      "marginBottom": 6,
                    },
                  ]
                }
              >
                accountPassword
              </withTheme(Text)>
              <TextInput
                allowFontScaling={true}
                editable={false}
                secureTextEntry={true}
                style={
                  Object {
                    "color": "#FFF",
                    "fontFamily": "lato-regular",
                    "fontSize": 16,
                  }
                }
                underlineColorAndroid="transparent"
              >
                12345678
              </TextInput>
            </ForwardRef(View)>
            <withTheme(IconButton)
              color="#FFF"
              icon="visibility-off"
              onPress={[Function]}
            />
          </ForwardRef(View)>
        </ForwardRef(View)>
        <ForwardRef(View)
          style={
            Object {
              "alignSelf": "flex-end",
              "flex": 0.5,
              "justifyContent": "center",
            }
          }
        >
          <withTheme(Button)
            accessibilityLabel="ACTION BUTTON"
            color="#FFF"
            contentStyle={
              Object {
                "width": "auto",
              }
            }
            mode="outlined"
            onPress={[Function]}
            style={
              Object {
                "backgroundColor": "#212A59",
                "borderWidth": 0,
              }
            }
            testID="submit-form"
          >
            <withTheme(Text)>
              button
            </withTheme(Text)>
          </withTheme(Button)>
        </ForwardRef(View)>
      </ForwardRef(View)>
    </ForwardRef(View)>
  </Component>
</ForwardRef(View)>
`;
