// Jest Snapshot v1, https://goo.gl/fbAQLP

exports[`<ConfirmationDialog /> should match the snapshot 1`] = `
<ForwardRef(View)
  onLayout={[Function]}
  style={
    Object {
      "alignItems": "center",
      "flex": 1,
      "justifyContent": "center",
    }
  }
>
  <Component
    animationType="fade"
    hardwareAccelerated={false}
    onRequestClose={[MockFunction]}
    supportedOrientations={
      Array [
        "portrait",
        "landscape",
      ]
    }
    transparent={true}
    visible={true}
  >
    <ForwardRef(View)
      style={
        Array [
          Object {
            "alignItems": "center",
            "flex": 1,
            "justifyContent": "center",
          },
          Object {
            "backgroundColor": "rgba(0, 0, 0, 0.5)",
          },
        ]
      }
    >
      <ForwardRef(View)
        style={
          Object {
            "backgroundColor": "#FFF",
            "borderRadius": 4,
            "flex": 0.6666666666666666,
            "width": "95%",
          }
        }
      >
        <ForwardRef(View)
          style={
            Object {
              "backgroundColor": "#E07926",
              "borderTopLeftRadius": 4,
              "borderTopRightRadius": 4,
              "flex": 0.5,
              "justifyContent": "center",
            }
          }
        >
          <withTheme(IconButton)
            icon="close"
            onPress={[Function]}
            size={35}
            style={
              Object {
                "alignSelf": "flex-end",
                "position": "absolute",
                "right": "0.5%",
                "top": "1%",
              }
            }
          />
          <ForwardRef(View)
            style={
              Object {
                "marginLeft": "4%",
              }
            }
          >
            <ForwardRef(Text)
              style={
                Object {
                  "color": "#212A59",
                  "fontSize": 24,
                  "marginBottom": "3%",
                }
              }
            >
              completedStatus
            </ForwardRef(Text)>
            <ForwardRef(Text)
              style={
                Array [
                  Object {
                    "fontSize": 16,
                  },
                  Object {
                    "color": "#FFF",
                    "width": "80%",
                  },
                ]
              }
            >
              completedClipboard
            </ForwardRef(Text)>
          </ForwardRef(View)>
        </ForwardRef(View)>
        <ForwardRef(View)
          style={
            Object {
              "flex": 0.5,
              "justifyContent": "center",
            }
          }
        >
          <ForwardRef(View)
            style={
              Object {
                "alignItems": "center",
                "alignSelf": "center",
                "backgroundColor": "#212A59",
                "borderRadius": 4,
                "flex": 0.5,
                "flexDirection": "row",
                "justifyContent": "space-between",
                "width": "95%",
              }
            }
          >
            <ForwardRef(View)
              style={
                Object {
                  "flex": 1,
                  "justifyContent": "space-around",
                  "marginLeft": "5%",
                }
              }
            >
              <ForwardRef(Text)
                style={
                  Array [
                    Object {
                      "color": "#FFF",
                      "fontSize": 16,
                    },
                    Object {
                      "marginBottom": 26.68,
                    },
                  ]
                }
              >
                accountPassword
              </ForwardRef(Text)>
              <TextInput
                allowFontScaling={true}
                editable={false}
                secureTextEntry={true}
                style={
                  Object {
                    "color": "#FFF",
                    "fontSize": 16,
                  }
                }
                underlineColorAndroid="transparent"
              >
                12345678
              </TextInput>
            </ForwardRef(View)>
            <withTheme(IconButton)
              color="#FFF"
              icon="visibility-off"
              onPress={[Function]}
            />
          </ForwardRef(View)>
        </ForwardRef(View)>
        <ForwardRef(View)
          style={
            Object {
              "alignSelf": "center",
              "flex": 0.3333333333333333,
              "justifyContent": "flex-start",
            }
          }
        >
          <withTheme(Button)
            accessibilityLabel="ACTION BUTTON"
            color="#212A59"
            mode="outlined"
            onPress={[Function]}
            style={
              Object {
                "borderColor": "#212A59",
                "borderWidth": 2,
              }
            }
            testID="submit-form"
          >
            <ForwardRef(Text)>
              button
            </ForwardRef(Text)>
          </withTheme(Button)>
        </ForwardRef(View)>
      </ForwardRef(View)>
    </ForwardRef(View)>
  </Component>
</ForwardRef(View)>
`;
