// Jest Snapshot v1, https://goo.gl/fbAQLP

exports[`<CreatePassword /> should render the same snapshot 1`] = `
<ForwardRef(View)
  style={
    Object {
      "backgroundColor": "#F5F5F5",
      "flex": 1,
    }
  }
>
  <withTheme(Appbar.Header)
    style={
      Object {
        "backgroundColor": "#FFF",
      }
    }
  >
    <ForwardRef(View)
      style={
        Object {
          "alignItems": "flex-start",
          "bottom": 0,
          "justifyContent": "center",
          "left": 0,
          "position": "absolute",
          "right": 0,
          "top": 0,
        }
      }
    >
      <Logo />
    </ForwardRef(View)>
    <withTheme(Appbar.Content)
      title="AgiliKEY"
    />
    <Appbar.Action
      color="#E17809"
      icon="info"
      onPress={[Function]}
      size={28}
    />
  </withTheme(Appbar.Header)>
  <ForwardRef(View)
    style={
      Object {
        "alignItems": "center",
        "flexDirection": "row",
        "justifyContent": "center",
        "marginVertical": 32,
      }
    }
  >
    <ForwardRef(Text)
      style={
        Object {
          "fontSize": 16,
        }
      }
    >
      newPassword
    </ForwardRef(Text)>
    <withTheme(Switch)
      color="#E17809"
      onValueChange={[Function]}
      value={false}
    />
  </ForwardRef(View)>
  <LoadNamespace(PasswordGenerator)
    isNewPassword={false}
  />
</ForwardRef(View)>
`;
