// Jest Snapshot v1, https://goo.gl/fbAQLP

exports[`<CreatePassword /> should render the same snapshot 1`] = `
<withOrientation
  style={
    Object {
      "backgroundColor": "#F5F5F5",
      "flex": 1,
    }
  }
>
  <StatusBar
    animated={false}
    barStyle="light-content"
    showHideTransition="fade"
  />
  <KeyboardAvoidingView
    behavior="padding"
    enabled={true}
    keyboardVerticalOffset={100}
    style={
      Object {
        "flex": 1,
      }
    }
  >
    <ScrollViewMock
      keyboardShouldPersistTaps="always"
      style={
        Object {
          "flex": 1,
        }
      }
    >
      <TouchableWithoutFeedback
        onPress={[Function]}
      >
        <ForwardRef(View)
          style={
            Object {
              "flex": 1,
              "justifyContent": "flex-end",
              "marginTop": 50,
            }
          }
        >
          <LoadNamespace(PasswordGenerator) />
          <TouchableOpacity
            activeOpacity={0.2}
            onPress={[Function]}
            style={
              Object {
                "alignItems": "center",
                "marginTop": 30,
              }
            }
          >
            <withTheme(Text)
              style={
                Object {
                  "textDecorationLine": "underline",
                }
              }
            >
              clearClipboardButton
            </withTheme(Text)>
          </TouchableOpacity>
        </ForwardRef(View)>
      </TouchableWithoutFeedback>
    </ScrollViewMock>
  </KeyboardAvoidingView>
  <withTheme(Snackbar)
    duration={2000}
    onDismiss={[Function]}
    style={
      Object {
        "backgroundColor": "#212A59",
        "flex": 1,
        "justifyContent": "flex-start",
      }
    }
    visible={false}
  >
    clipboardCleared
  </withTheme(Snackbar)>
</withOrientation>
`;
