// Jest Snapshot v1, https://goo.gl/fbAQLP

exports[`/CreateNewPassword /> should render the same snapshot 1`] = `
<Component>
  <withTheme(Appbar.Header)>
    <withTheme(Appbar.Content)
      title="Placeholder file for a future component"
    />
  </withTheme(Appbar.Header)>
  <PasswordGenerator
    onClipboardSave={[Function]}
  />
</Component>
`;
