// Jest Snapshot v1, https://goo.gl/fbAQLP

exports[`<CreatePassword /> should render the same snapshot 1`] = `
<Component>
  <withTheme(Appbar.Header)>
    <withTheme(Appbar.Content)
      title="Agili Key"
    />
  </withTheme(Appbar.Header)>
  <Component>
    <Component>
      Creating a new account password?
    </Component>
    <withTheme(Switch)
      onValueChange={[Function]}
    />
  </Component>
  <PasswordGenerator />
</Component>
`;
