// Jest Snapshot v1, https://goo.gl/fbAQLP

exports[`<FormInput /> should render the same snapshot 1`] = `
<ForwardRef(View)>
  <withTheme(Text)
    style={
      Object {
        "alignSelf": "flex-start",
        "fontSize": 16,
      }
    }
  >
    Test Prompt
  </withTheme(Text)>
  <ForwardRef(View)
    style={
      Array [
        Object {
          "backgroundColor": "#FFF",
          "flexDirection": "row",
          "justifyContent": "flex-end",
          "marginTop": 10,
          "width": "80%",
        },
        Object {
          "marginBottom": 30,
        },
      ]
    }
  >
    <withTheme(TextInput)
      autoCapitalize="none"
      autoComplete="off"
      autoCorrect={false}
      placeholder="Test Placeholder"
      secureTextEntry={true}
      style={
        Object {
          "backgroundColor": "#FFF",
          "flex": 1,
        }
      }
    />
    <withTheme(IconButton)
      accessibilityLabel="hide or show password"
      color="#212A59"
      icon="visibility-off"
      onPress={[Function]}
      style={
        Object {
          "alignSelf": "center",
          "position": "absolute",
        }
      }
      testID="hideShowButton"
    />
  </ForwardRef(View)>
</ForwardRef(View)>
`;
