// Jest Snapshot v1, https://goo.gl/fbAQLP

exports[`<FormInput /> should render the same snapshot 1`] = `
<ForwardRef(View)>
  <withTheme(Text)
    style={
      Object {
        "alignSelf": "flex-start",
        "fontSize": 16,
        "marginBottom": 10,
      }
    }
  >
    Test Prompt
  </withTheme(Text)>
  <ForwardRef(View)
    style={
      Array [
        Object {
          "backgroundColor": "#FFF",
          "flexDirection": "row",
          "justifyContent": "flex-end",
        },
        Object {
          "marginBottom": 0,
          "marginTop": 0,
        },
      ]
    }
  >
    <withTheme(TextInput)
      autoCapitalize="none"
      autoComplete="off"
      autoCorrect={false}
      disableFullscreenUI={true}
      placeholder="Test Placeholder"
      returnKeyType="next"
      secureTextEntry={true}
      style={
        Object {
          "backgroundColor": "#FFF",
          "flex": 1,
        }
      }
    />
    <withTheme(IconButton)
      accessibilityLabel="hide or show password"
      color="#212A59"
      icon="visibility-off"
      style={
        Object {
          "alignSelf": "center",
          "position": "absolute",
          "right": -2,
        }
      }
      testID="hideShowButton"
    />
  </ForwardRef(View)>
</ForwardRef(View)>
`;
