// Jest Snapshot v1, https://goo.gl/fbAQLP

exports[`<PasswordGenerator /> should match the existing snapshot 1`] = `
<ForwardRef(View)
  style={
    Object {
      "alignItems": "center",
      "justifyContent": "center",
    }
  }
>
  <FormInput
    componentType="label"
    confirmed={false}
    handleChange={[Function]}
    label="label"
    placeholderText="label"
    prompt="passwordLabel"
    value=""
  />
  <FormInput
    componentType="password"
    confirmed={false}
    handleChange={[Function]}
    label="password"
    placeholderText="password"
    prompt="masterPassword"
    value=""
  />
  <withTheme(Button)
    accessibilityLabel="CREATE ACCOUNT PASSWORD BUTTON"
    dark={true}
    disabled={true}
    mode="contained"
    onPress={[Function]}
    testID="submit-create-password"
  >
    submitMessage
  </withTheme(Button)>
  <LoadNamespace(ConfirmationDialog)
    closeModal={[Function]}
    generatedPassword=""
    visible={false}
  />
</ForwardRef(View)>
`;
