// Jest Snapshot v1, https://goo.gl/fbAQLP

exports[`<PasswordGenerator /> should match the existing snapshot 1`] = `
<ForwardRef(View)
  style={
    Object {
      "alignItems": "center",
      "display": "flex",
      "justifyContent": "center",
      "margin": 10,
    }
  }
>
  <FormInput
    className="label"
    handleChange={[Function]}
    label="label"
    placeholderText="label"
    prompt="passwordLabel"
  />
  <FormInput
    className="password"
    handleChange={[Function]}
    label="password"
    placeholderText="password"
    prompt="masterPassword"
  />
  <withTheme(Button)
    accessibilityLabel="CREATE ACCOUNT PASSWORD BUTTON"
    dark={true}
    disabled={true}
    mode="contained"
    onPress={[Function]}
    testID="submit-create-password"
  >
    submitMessage
  </withTheme(Button)>
  <LoadNamespace(ConfirmationDialog)
    closeModal={[Function]}
    generatedPassword=""
    visible={false}
  />
</ForwardRef(View)>
`;
