// Jest Snapshot v1, https://goo.gl/fbAQLP

exports[`<PasswordGenerator /> should match the existing snapshot 1`] = `
<Styled(Form)>
  <Styled(Item)>
    <FormInput
      name="label"
      onChanged={[Function]}
      placeholder="Label..."
      value=""
    />
  </Styled(Item)>
  <Styled(Item)
    last={true}
  >
    <FormInput
      name="password"
      onChanged={[Function]}
      placeholder="Master Password..."
      secureTextEntry={true}
      value=""
    />
  </Styled(Item)>
  <BaseButton
    buttonText="Generate Password"
    onPress={[Function]}
  />
</Styled(Form)>
`;
