// Jest Snapshot v1, https://goo.gl/fbAQLP

exports[`<PasswordGenerator /> should match the existing snapshot 1`] = `
<Component>
  <FormInput
    name="label"
    onChanged={[Function]}
    placeholder="Label..."
    value=""
  />
  <FormInput
    name="password"
    onChanged={[Function]}
    placeholder="Master Password..."
    secureTextEntry={true}
    value=""
  />
  <BaseButton
    buttonText="Generate Password"
    onPress={[Function]}
  />
</Component>
`;
